// Jest Snapshot v1, https://goo.gl/fbAQLP

exports[`Pruebas en PrimeraAPP Debe mostrar PrimerApp correctamente 1`] = `
<Fragment>
  <h1>
    Hola, soy gok√∫
  </h1>
  <p>
    Soy un subtitulo
  </p>
</Fragment>
`;
