// Jest Snapshot v1, https://goo.gl/fbAQLP

exports[`Pruebas en el componente Debe mostrar el componente correctamente 1`] = `
<div>
  <h1>
    HomeScreen
  </h1>
  <hr />
  <pre>
    {
   "name": "Jonathan",
   "email": "jona@gmail.com"
}
  </pre>
</div>
`;
