// Jest Snapshot v1, https://goo.gl/fbAQLP

exports[`Pruebas en AppRouter Debe mostrar el espere...  1`] = `
<h5>
  Espere...
</h5>
`;
