// Jest Snapshot v1, https://goo.gl/fbAQLP

exports[`Probar el componente GifsGrid Debe mostrar el componente correctamente  1`] = `
<Fragment>
  <h3
    className="animate__animated animate__fadeIn"
  >
    Naruto
  </h3>
  <p
    className="card animate__animated animate__flash"
  >
    Loading
  </p>
  <div
    className="card-grid"
  />
</Fragment>
`;

exports[`Probar el componente GifsGrid Debe mostrar items cuando se cargan im√°genenes en useFetchGifs  1`] = `
<Fragment>
  <h3
    className="animate__animated animate__fadeIn"
  >
    Naruto
  </h3>
  <div
    className="card-grid"
  >
    <GifGridItem
      id="Abc"
      key="Abc"
      title="Cualquier cosa"
      url="https://localhost/cualquier/cosa.jpg"
    />
  </div>
</Fragment>
`;
